exports[`components <ProjectCompensation /> renders correctly 1`] = `
<div
  className="panel panel-info">
  <div
    className="panel-heading">
    First Title
     - 
    13
    € / mois
  </div>
  <div
    className="panel-body">
    <div
      className="col-lg-12">
      <span>
        Description of Project Compensation
      </span>
    </div>
    <button
      className="btn btn-info"
      onClick={[Function]}>
      Sélectionner
    </button>
  </div>
</div>
`;
